// Jest Snapshot v1, https://goo.gl/fbAQLP

exports[`HeaderActions View HeaderActions renders correctly 1`] = `
.c0 {
  background-color: filterBackgroundColor;
  height: 35px;
  width: 322px;
  margin: 0px 0px 5px -10px;
  font-size: 14px;
  padding: 10px;
}

.c0 a {
  padding: 0px 10px;
  color: slideOutBlue;
}

.c1 {
  border-left: 2px solid rgba(96,96,96,0.2);
  height: 18px;
}

<div
  class="c0 row"
>
  Actions:
  <a
    href="/mapview?disabled=true&loadDraft=false&parcelId=1&sidebar=true"
  >
    View details
  </a>
  <div
    class="c1"
  />
  <a
    href="/mapview?disabled=false&loadDraft=false&parcelId=1&sidebar=true"
  >
    Update
  </a>
  <div
    class="c1"
  />
  <a
    href="/"
  >
    Zoom map
  </a>
</div>
`;

exports[`InfoContent View InfoContent renders correctly 1`] = `
.c1 {
  margin: 0px;
  width: 300px;
}

.c2 {
  width: 110px;
  max-width: 110px;
  padding-right: 10px;
  padding-left: 0px;
}

.c3 {
  max-width: 1px;
  padding: 0px;
  background-color: rgba(96,96,96,0.2);
}

.c4 {
  padding-left: 10px;
  padding-right: 0px;
}

.c0 {
  margin: 0px 0px 10px 0px;
}

<div
  class="list-group"
>
  <p
    class="label header"
  >
    <svg
      class="svg"
      style="height: 25px; width: 25px; margin-right: 5px;"
    >
      icon-lot.svg
    </svg>
    Parcel Identification
  </p>
  <div
    class="c0 row"
  >
    <div
      class="c1 row"
    >
      <div
        class="c2 col"
      >
        <div
          class="left-side list-group-item"
        >
          <p
            class="label"
          >
            PID
          </p>
        </div>
      </div>
      <div
        class="c3 col"
      />
      <div
        class="c4 col"
      >
        <div
          class="list-group-item"
        >
          000-000-000
        </div>
      </div>
    </div>
    
  </div>
  <div
    class="c0 row"
  >
    <div
      class="c1 row"
    >
      <div
        class="c2 col"
      >
        <div
          class="left-side list-group-item"
        >
          <p
            class="label"
          >
            Name
          </p>
        </div>
      </div>
      <div
        class="c3 col"
      />
      <div
        class="c4 col"
      >
        <div
          class="list-group-item"
        >
          test name
        </div>
      </div>
    </div>
    <div
      class="c1 row"
    >
      <div
        class="c2 col"
      >
        <div
          class="left-side list-group-item"
        >
          <p
            class="label"
          >
            Ministry
          </p>
        </div>
      </div>
      <div
        class="c3 col"
      />
      <div
        class="c4 col"
      >
        <div
          class="list-group-item"
        >
          Ministry of Advanced Education
        </div>
      </div>
    </div>
    <div
      class="c1 row"
    >
      <div
        class="c2 col"
      >
        <div
          class="left-side list-group-item"
        >
          <p
            class="label"
          >
            Owning agency
          </p>
        </div>
      </div>
      <div
        class="c3 col"
      />
      <div
        class="c4 col"
      >
        <div
          class="list-group-item"
        >
          Kwantlen Polytechnic University
        </div>
      </div>
    </div>
    <div
      class="c1 row"
    >
      <div
        class="c2 col"
      >
        <div
          class="left-side list-group-item"
        >
          <p
            class="label"
          >
            Classification
          </p>
        </div>
      </div>
      <div
        class="c3 col"
      />
      <div
        class="c4 col"
      >
        <div
          class="list-group-item"
        >
          Core Operational
        </div>
      </div>
    </div>
  </div>
</div>
`;
