// Vitest Snapshot v1

exports[`Access request details > Snapshot matches 1`] = `ReactWrapper {}`;
