// Jest Snapshot v1, https://goo.gl/fbAQLP

exports[`LookupCodeDropdown renders correctly 1`] = `
<div
  className="dropdown"
  onKeyDown={[Function]}
>
  <button
    aria-expanded={false}
    aria-haspopup={true}
    className="dropdown-toggle map-filter-dropdown map-filter-dropdown-primary"
    disabled={false}
    id="dropdown-basic-button"
    onClick={[Function]}
    type="button"
  >
    View by Classification Â 
  </button>
</div>
`;
