// Jest Snapshot v1, https://goo.gl/fbAQLP

exports[`MapProperties View ParcelPopupView renders correctly 1`] = `
<div
  className="parcelPopup container-fluid"
>
  <div
    className="row"
  >
    <div
      className="col"
    >
      <div
        className="list-group"
        onKeyDown={[Function]}
      >
        <div
          className="pid list-group-item"
          data-rb-event-key={null}
          disabled={false}
          onClick={[Function]}
        >
          000-000-000
        </div>
        <div
          className="name list-group-item"
          data-rb-event-key={null}
          disabled={false}
          onClick={[Function]}
        >
          test name
        </div>
        <div
          className="description list-group-item"
          data-rb-event-key={null}
          disabled={false}
          onClick={[Function]}
        >
          test
        </div>
      </div>
      <div
        className="list-group"
        onKeyDown={[Function]}
      >
        <div
          className="list-group-item"
          data-rb-event-key={null}
          disabled={false}
          onClick={[Function]}
        >
          <p
            className="label"
          >
            Assessed Value:
          </p>
          $
        </div>
      </div>
      <div
        className="list-group"
        onKeyDown={[Function]}
      >
        <div
          className="list-group-item"
          data-rb-event-key={null}
          disabled={false}
          onClick={[Function]}
        >
          <div>
            1234 mock Street
          </div>
          <div>
            
            , 
             
            V1V1V1
          </div>
        </div>
        
      </div>
      <div
        className="list-group"
        onKeyDown={[Function]}
      >
        <div
          className="list-group-item"
          data-rb-event-key={null}
          disabled={false}
          onClick={[Function]}
        >
          <p
            className="label"
          >
            Agency:
          </p>
          FIN
        </div>
        <div
          className="list-group-item"
          data-rb-event-key={null}
          disabled={false}
          onClick={[Function]}
        >
          <p
            className="label"
          >
            Classification: 
          </p>
          Core Operational
        </div>
      </div>
    </div>
  </div>
  <div
    className="menu row"
  >
    <div
      className="col"
    >
      <a
        href="/mapview/1?disabled=true&loadDraft=false&sidebar=true"
        onClick={[Function]}
      >
        View
      </a>
      <a
        href="/mapview/1?disabled=false&loadDraft=false&sidebar=true"
        onClick={[Function]}
      >
        Update
      </a>
    </div>
  </div>
</div>
`;
