// Jest Snapshot v1, https://goo.gl/fbAQLP

exports[`login login renders correctly 1`] = `
<div
  className="login container-fluid"
>
  <div
    className="unauth container-fluid"
  >
    <img
      alt="PIMS logo"
      className="pims-logo"
      src="logo_with_text.png"
    />
    <div
      className="sign-in row"
    >
      <div
        className="col-md-3 col-1"
      />
      <div
        className="block col-md-6 col-16"
      >
        <h1>
          Search and visualize government property information
        </h1>
        <h6>
          PIMS enables you to search properties owned by the Government of British Columbia
        </h6>
        <p>
          The data provided can assist your agency in making informed, timely, and strategic decisions on the optimal use of real property assets on behalf of the people and priorities of British Columbia.
        </p>
        <button
          className="btn btn-primary"
          disabled={false}
          onClick={[Function]}
          type="button"
        >
          Sign In
        </button>
        <p>
          Sign into PIMS with your government issued IDIR or with your Business BCeID.
        </p>
        <div
          className="bceid row"
        >
          <button
            className="btn btn-link"
            disabled={false}
            onClick={[Function]}
            type="button"
          >
            Don't have a Business BCeID?
          </button>
        </div>
        <div
          className="row"
        />
      </div>
      <div
        className="col-md-3 col-1"
      />
    </div>
  </div>
</div>
`;
