// Jest Snapshot v1, https://goo.gl/fbAQLP

exports[`Empty Header renders 1`] = `
.c0 {
  border-left: 2px solid white;
  font-size: 34px;
  margin: 0 15px 0 25px;
  vertical-align: top;
}

<nav
  class="App-header navbar navbar-expand navbar-light"
>
  <span
    class="brand-box navbar-brand"
  >
    <a
      href="https://www2.gov.bc.ca/gov/content/home"
      rel="noopener noreferrer"
      target="_blank"
    >
      <img
        alt="Government of BC logo"
        class="bc-gov-icon"
        height="43"
        src="() => /*#__PURE__*/(0, _jsxDevRuntime.jsxDEV)(\\"template\\", {
  children: /*#__PURE__*/(0, _jsxDevRuntime.jsxDEV)(\\"svg\\", {}, void 0, false, {
    fileName: _jsxFileName,
    lineNumber: 5,
    columnNumber: 5
  }, void 0)
}, void 0, false, {
  fileName: _jsxFileName,
  lineNumber: 4,
  columnNumber: 3
}, void 0)"
        width="156"
      />
    </a>
    <span
      class="c0"
    />
    <img
      alt="PIMS logo"
      class="pims-logo"
      height="50"
      src="logo_only.png"
    />
  </span>
  <div
    class="title mr-auto navbar-nav"
  >
    <div
      class="nav-item"
    >
      <h1
        class="longAppName"
      >
        Property Inventory Management System
      </h1>
      <h1
        class="shortAppName"
      >
        PIMS
      </h1>
    </div>
  </div>
</nav>
`;
