// Jest Snapshot v1, https://goo.gl/fbAQLP

exports[`EditUserPage renders 1`] = `
Array [
  <div>
    <nav
      className="navBar navbar navbar-expand-sm navbar-light bg-light"
    >
      <a
        className="navbar-brand"
        href="#"
      >
        User Information
      </a>
    </nav>
    <div
      className="container-fluid"
    >
      <div
        className="justify-content-md-center row"
      >
        <form
          className="userInfo"
          noValidate={true}
          onSubmit={[Function]}
        >
          <p
            className="label"
          >
            IDIR/BCeID
          </p>
          <div
            className="form-group"
          >
            <input
              className="form-control"
              id="input-username"
              name="username"
              onChange={[Function]}
              readOnly={true}
              type="text"
              value="test.user"
            />
          </div>
          <div
            className="row"
          >
            <div
              className="col"
            >
              <p
                className="label"
              >
                First Name
              </p>
              <div
                className="form-group"
              >
                <input
                  className="form-control"
                  id="input-firstName"
                  name="firstName"
                  onChange={[Function]}
                  placeholder="Test"
                  type="text"
                  value="Test"
                />
              </div>
            </div>
            <div
              className="col"
            >
              <p
                className="label"
              >
                Last Name
              </p>
              <div
                className="form-group"
              >
                <input
                  className="form-control"
                  id="input-lastName"
                  name="lastName"
                  onChange={[Function]}
                  placeholder="User"
                  type="text"
                  value="User"
                />
              </div>
            </div>
          </div>
          <p
            className="label"
          >
            Email
          </p>
          <div
            className="form-group"
          >
            <input
              className="form-control"
              id="input-email"
              name="email"
              onChange={[Function]}
              placeholder="test@user.com"
              type="email"
              value="test@user.com"
            />
          </div>
          <p
            className="label"
          >
            Agency
          </p>
          <div
            className="form-group"
          >
            <select
              className="form-control"
              id="input-agency"
              name="agency"
              onChange={[Function]}
              value=""
            >
              <option
                value=""
              >
                Please Select
              </option>
              <option
                value="1"
              >
                agencyVal
              </option>
            </select>
          </div>
          <p
            className="label"
          >
            Position
          </p>
          <div
            className="form-group"
          >
            <input
              className="form-control"
              id="input-position"
              name="position"
              onChange={[Function]}
              placeholder="e.g) Director, Real Estate and Stakeholder Engagement"
              type="text"
            />
          </div>
          <p
            className="label"
          >
            Role
          </p>
          <div
            className="form-group"
          >
            <select
              className="form-control"
              id="input-role"
              name="role"
              onChange={[Function]}
              value=""
            >
              <option
                value=""
              >
                Please Select
              </option>
              <option
                value="1"
              >
                roleVal
              </option>
            </select>
          </div>
          <p
            className="label"
          >
            Notes
          </p>
          <div
            className="notes input-group"
          >
            <textarea
              className="form-control"
              placeholder="Please specify why you need access to this site."
            />
          </div>
          <div
            className="isDisabled input-group"
          >
            <div
              className="input-group-prepend"
            >
              <span
                className="input-group-text"
              >
                Would you like to disable this user?
              </span>
            </div>
            <div
              className="input-group-append"
            >
              <span
                className="input-group-text"
              >
                <input
                  name="isDisabled"
                  onClick={[Function]}
                  type="checkbox"
                />
              </span>
            </div>
          </div>
          <p
            className="label"
          >
            Status
          </p>
          <div
            className="form-group"
          >
            <select
              className="form-control"
              id="input-status"
              name="status"
              onChange={[Function]}
            >
              <option
                value=""
              >
                Please Select
              </option>
              <option
                value={0}
              >
                Approved
              </option>
              <option
                value={1}
              >
                Denied
              </option>
            </select>
          </div>
          <div
            className="justify-content-md-center row"
          >
            <div
              className="cancelSave btn-toolbar"
              role="toolbar"
            >
              <button
                className="mr-5 btn btn-outline-dark"
                disabled={false}
                type="reset"
              >
                Cancel
              </button>
              <button
                className="mr-5 btn btn-primary"
                disabled={false}
                type="submit"
              >
                Save
              </button>
            </div>
          </div>
        </form>
      </div>
    </div>
  </div>,
  ",",
]
`;
