// Jest Snapshot v1, https://goo.gl/fbAQLP

exports[`renders Manage Users page correctly 1`] = `
<div
  className="container-fluid"
>
  <div
    className="row"
  >
    <div
      className="col"
    >
      <h2>
        Manage Users
      </h2>
    </div>
  </div>
  <div
    className="row"
  >
    <div
      className="col"
    >
      <p>
        No Users available to be managed
      </p>
    </div>
  </div>
  <div
    className="row"
  >
    <div
      className="col"
    />
  </div>
</div>
`;
