// Vitest Snapshot v1

exports[`Review Approve Step > renders correctly 1`] = `null`;
