// Jest Snapshot v1, https://goo.gl/fbAQLP

exports[`LayersControl View renders correctly 1`] = `
<DocumentFragment>
  .c4 {
  display: flex;
  align-items: center;
  padding-left: 0px;
  border: none;
  padding-top: 5px;
  padding-bottom: 5px;
}

.c4 .form-group .form-check label {
  font-weight: bold;
  color: textColor;
  font-size: 13px;
}

.c5 {
  margin-right: 10px;
  font-size: 15px;
}

.c6 {
  margin-bottom: 0px;
}

.c6 .form-check {
  display: flex;
  align-items: center;
}

.c6 .form-check input {
  margin-top: 0px;
}

.c6 .form-check label {
  display: flex;
  align-items: center;
}

.c0 {
  margin-right: -10px;
  width: 341px;
  min-height: 52px;
  height: 500px;
  max-height: 500px;
  background-color: #fff;
  position: relative;
  border-radius: 4px;
  box-shadow: -2px 1px 4px rgba(0, 0, 0, 0.2);
  z-index: 1000;
}

.c0.closed {
  width: 0px;
  height: 0px;
}

.c3 {
  width: 100%;
  height: calc(100% - 80px);
  padding: 16px;
}

.c3.open {
  overflow-y: scroll;
}

.c2 {
  font-size: 30px;
}

.c1 {
  width: 52px;
  height: 52px;
  position: absolute;
  top: 0;
  left: -51px;
  background-color: #fff;
  color: slideOutBlue;
  border-color: slideOutBlue;
  box-shadow: -2px 1px 4px rgba(0, 0, 0, 0.2);
}

.c1.open {
  border-top-right-radius: 0;
  border-bottom-right-radius: 0;
  top: 26px;
}

<div
    id="mapid"
    style="width: 500px; height: 500px;"
  >
    <div
      class="leaflet-container leaflet-touch leaflet-grab leaflet-touch-drag leaflet-touch-zoom"
      style="position: relative;"
      tabindex="0"
    >
      <div
        class="leaflet-pane leaflet-map-pane"
        style="left: 0px; top: 0px;"
      >
        <div
          class="leaflet-pane leaflet-tile-pane"
        >
          <div
            class="leaflet-layer "
            style="z-index: 9;"
          >
            <div
              class="leaflet-tile-container leaflet-zoom-animated"
              style="z-index: 18; left: 0px; top: 0px;"
            >
              <img
                alt=""
                class="leaflet-tile"
                src="https://openmaps.gov.bc.ca/geo/pub/WHSE_CADASTRE.PMBC_PARCEL_FABRIC_POLY_SVW/ows?&service=WMS&request=GetMap&layers=pub%3AWHSE_CADASTRE.PMBC_PARCEL_FABRIC_POLY_SVW&styles=&format=image%2Fpng&transparent=true&version=1.1.1&key=parcelBoundaries&label=Parcel%20Boundaries&on=true&url=https%3A%2F%2Fopenmaps.gov.bc.ca%2Fgeo%2Fpub%2FWHSE_CADASTRE.PMBC_PARCEL_FABRIC_POLY_SVW%2Fows%3F&id=parcelLayer&color=transparent&outline=%23E6A018&width=256&height=256&srs=EPSG%3A3857&bbox=-13734205.24228047,6178557.870347368,-13731759.257375345,6181003.855252495"
                style="width: 256px; height: 256px; left: -75px; top: -242px;"
              />
            </div>
          </div>
        </div>
        <div
          class="leaflet-pane leaflet-overlay-pane"
        />
        <div
          class="leaflet-pane leaflet-shadow-pane"
        />
        <div
          class="leaflet-pane leaflet-marker-pane"
        />
        <div
          class="leaflet-pane leaflet-tooltip-pane"
        />
        <div
          class="leaflet-pane leaflet-popup-pane"
        />
      </div>
      <div
        class="leaflet-control-container"
      >
        <div
          class="leaflet-top leaflet-left"
        >
          <div
            class="leaflet-control-zoom leaflet-bar leaflet-control"
          >
            <a
              aria-disabled="false"
              aria-label="Zoom in"
              class="leaflet-control-zoom-in"
              href="#"
              role="button"
              title="Zoom in"
            >
              <span
                aria-hidden="true"
              >
                +
              </span>
            </a>
            <a
              aria-disabled="false"
              aria-label="Zoom out"
              class="leaflet-control-zoom-out"
              href="#"
              role="button"
              title="Zoom out"
            >
              <span
                aria-hidden="true"
              >
                âˆ’
              </span>
            </a>
          </div>
        </div>
        <div
          class="leaflet-top leaflet-right"
        >
          <div
            class="leaflet-control"
          >
            <div
              class="c0 closed"
              id="layersContainer"
            >
              <div>
                <button
                  class="c1 btn btn-outline-secondary"
                  id="layersControlButton"
                  type="button"
                >
                  <svg
                    class="c2"
                    fill="currentColor"
                    height="1em"
                    stroke="currentColor"
                    stroke-width="0"
                    viewBox="0 0 512 512"
                    width="1em"
                    xmlns="http://www.w3.org/2000/svg"
                  >
                    <path
                      d="M12.41 148.02l232.94 105.67c6.8 3.09 14.49 3.09 21.29 0l232.94-105.67c16.55-7.51 16.55-32.52 0-40.03L266.65 2.31a25.607 25.607 0 0 0-21.29 0L12.41 107.98c-16.55 7.51-16.55 32.53 0 40.04zm487.18 88.28l-58.09-26.33-161.64 73.27c-7.56 3.43-15.59 5.17-23.86 5.17s-16.29-1.74-23.86-5.17L70.51 209.97l-58.1 26.33c-16.55 7.5-16.55 32.5 0 40l232.94 105.59c6.8 3.08 14.49 3.08 21.29 0L499.59 276.3c16.55-7.5 16.55-32.5 0-40zm0 127.8l-57.87-26.23-161.86 73.37c-7.56 3.43-15.59 5.17-23.86 5.17s-16.29-1.74-23.86-5.17L70.29 337.87 12.41 364.1c-16.55 7.5-16.55 32.5 0 40l232.94 105.59c6.8 3.08 14.49 3.08 21.29 0L499.59 404.1c16.55-7.5 16.55-32.5 0-40z"
                    />
                  </svg>
                </button>
              </div>
              <div
                class="c3"
              >
                <form
                  action="#"
                >
                  <div
                    tabindex="0"
                  >
                    <div
                      class="list-group"
                    >
                      <div
                        class="c4 list-group-item"
                        id="Administrative Boundaries"
                      >
                        <svg
                          class="c5"
                          fill="currentColor"
                          height="1em"
                          stroke="currentColor"
                          stroke-width="0"
                          viewBox="0 0 256 512"
                          width="1em"
                          xmlns="http://www.w3.org/2000/svg"
                        >
                          <path
                            d="M224.3 273l-136 136c-9.4 9.4-24.6 9.4-33.9 0l-22.6-22.6c-9.4-9.4-9.4-24.6 0-33.9l96.4-96.4-96.4-96.4c-9.4-9.4-9.4-24.6 0-33.9L54.3 103c9.4-9.4 24.6-9.4 33.9 0l136 136c9.5 9.4 9.5 24.6.1 34z"
                          />
                        </svg>
                        <div
                          class="c6"
                        >
                          <div
                            class="form-check"
                          >
                            <input
                              class="form-check-input"
                              type="checkbox"
                            />
                            <label
                              class="form-check-label"
                              title=""
                            >
                               Administrative Boundaries
                            </label>
                          </div>
                        </div>
                      </div>
                      <div
                        class="c4 list-group-item"
                        id="firstNations"
                      >
                        <svg
                          class="c5"
                          fill="currentColor"
                          height="1em"
                          stroke="currentColor"
                          stroke-width="0"
                          viewBox="0 0 256 512"
                          width="1em"
                          xmlns="http://www.w3.org/2000/svg"
                        >
                          <path
                            d="M224.3 273l-136 136c-9.4 9.4-24.6 9.4-33.9 0l-22.6-22.6c-9.4-9.4-9.4-24.6 0-33.9l96.4-96.4-96.4-96.4c-9.4-9.4-9.4-24.6 0-33.9L54.3 103c9.4-9.4 24.6-9.4 33.9 0l136 136c9.5 9.4 9.5 24.6.1 34z"
                          />
                        </svg>
                        <div
                          class="c6"
                        >
                          <div
                            class="form-check"
                          >
                            <input
                              class="form-check-input"
                              type="checkbox"
                            />
                            <label
                              class="form-check-label"
                              title=""
                            >
                               First Nations
                            </label>
                          </div>
                        </div>
                      </div>
                      <div
                        class="c4 list-group-item"
                        id="landOwnership"
                      >
                        <svg
                          class="c5"
                          fill="currentColor"
                          height="1em"
                          stroke="currentColor"
                          stroke-width="0"
                          viewBox="0 0 256 512"
                          width="1em"
                          xmlns="http://www.w3.org/2000/svg"
                        >
                          <path
                            d="M224.3 273l-136 136c-9.4 9.4-24.6 9.4-33.9 0l-22.6-22.6c-9.4-9.4-9.4-24.6 0-33.9l96.4-96.4-96.4-96.4c-9.4-9.4-9.4-24.6 0-33.9L54.3 103c9.4-9.4 24.6-9.4 33.9 0l136 136c9.5 9.4 9.5 24.6.1 34z"
                          />
                        </svg>
                        <div
                          class="c6"
                        >
                          <div
                            class="form-check"
                          >
                            <input
                              class="form-check-input"
                              type="checkbox"
                            />
                            <label
                              class="form-check-label"
                              title=""
                            >
                               Land Ownership
                            </label>
                          </div>
                        </div>
                      </div>
                      <div
                        class="c4 list-group-item"
                        id="zoning"
                      >
                        <svg
                          class="c5"
                          fill="currentColor"
                          height="1em"
                          stroke="currentColor"
                          stroke-width="0"
                          viewBox="0 0 256 512"
                          width="1em"
                          xmlns="http://www.w3.org/2000/svg"
                        >
                          <path
                            d="M224.3 273l-136 136c-9.4 9.4-24.6 9.4-33.9 0l-22.6-22.6c-9.4-9.4-9.4-24.6 0-33.9l96.4-96.4-96.4-96.4c-9.4-9.4-9.4-24.6 0-33.9L54.3 103c9.4-9.4 24.6-9.4 33.9 0l136 136c9.5 9.4 9.5 24.6.1 34z"
                          />
                        </svg>
                        <div
                          class="c6"
                        >
                          <div
                            class="form-check"
                          >
                            <input
                              class="form-check-input"
                              type="checkbox"
                            />
                            <label
                              class="form-check-label"
                              title=""
                            >
                               Zoning
                            </label>
                          </div>
                        </div>
                      </div>
                      <div
                        class="c4 list-group-item"
                        id="disturbances"
                      >
                        <svg
                          class="c5"
                          fill="currentColor"
                          height="1em"
                          stroke="currentColor"
                          stroke-width="0"
                          viewBox="0 0 256 512"
                          width="1em"
                          xmlns="http://www.w3.org/2000/svg"
                        >
                          <path
                            d="M224.3 273l-136 136c-9.4 9.4-24.6 9.4-33.9 0l-22.6-22.6c-9.4-9.4-9.4-24.6 0-33.9l96.4-96.4-96.4-96.4c-9.4-9.4-9.4-24.6 0-33.9L54.3 103c9.4-9.4 24.6-9.4 33.9 0l136 136c9.5 9.4 9.5 24.6.1 34z"
                          />
                        </svg>
                        <div
                          class="c6"
                        >
                          <div
                            class="form-check"
                          >
                            <input
                              class="form-check-input"
                              type="checkbox"
                            />
                            <label
                              class="form-check-label"
                              title=""
                            >
                               Disturbances
                            </label>
                          </div>
                        </div>
                      </div>
                    </div>
                  </div>
                </form>
              </div>
            </div>
          </div>
        </div>
        <div
          class="leaflet-bottom leaflet-left"
        />
        <div
          class="leaflet-bottom leaflet-right"
        >
          <div
            class="leaflet-control-attribution leaflet-control"
          >
            <a
              href="https://leafletjs.com"
              title="A JavaScript library for interactive maps"
            >
              Leaflet
            </a>
          </div>
        </div>
      </div>
    </div>
  </div>
</DocumentFragment>
`;
