// Jest Snapshot v1, https://goo.gl/fbAQLP

exports[`Documentation Step renders correctly 1`] = `
<div
  className="DocumentationStep container-fluid"
>
  <form
    className=""
    noValidate={true}
    onSubmit={[Function]}
  >
    <h3>
      Documentation
    </h3>
    <div
      className="tasksForm form-row"
    >
      <div
        className="required form-group"
      >
        <div
          className="check-field"
        >
          <div
            className="form-check"
          >
            <input
              checked={false}
              className="form-check-input position-static"
              disabled={true}
              id="input-tasks.0.isCompleted"
              name="tasks.0.isCompleted"
              onChange={[Function]}
              required={true}
              type="checkbox"
              value={false}
            />
          </div>
          <label
            className="form-label"
            htmlFor="input-tasks.0.isCompleted"
          >
            Task #1
          </label>
        </div>
      </div>
    </div>
    <div
      className="tasksForm form-row"
    >
      <div
        className="required form-group"
      >
        <div
          className="check-field"
        >
          <div
            className="form-check"
          >
            <input
              checked={false}
              className="form-check-input position-static"
              disabled={true}
              id="input-tasks.1.isCompleted"
              name="tasks.1.isCompleted"
              onChange={[Function]}
              required={true}
              type="checkbox"
              value={false}
            />
          </div>
          <label
            className="form-label"
            htmlFor="input-tasks.1.isCompleted"
          >
            Task #2
          </label>
        </div>
      </div>
    </div>
    <div
      className="ProjectNotes form-row"
    >
      <div
        className="col-md-10 form-group"
      >
        <label
          className="form-label"
          htmlFor="input-note"
        >
          Notes
        </label>
        <textarea
          className="col-md-5 form-control"
          id="input-note"
          name="note"
          onBlur={[Function]}
          onChange={[Function]}
        />
      </div>
    </div>
    <div
      style={
        Object {
          "textAlign": "right",
        }
      }
    />
  </form>
</div>
`;
