// Vitest Snapshot v1

exports[`Map Legend View > Legend renders correctly 1`] = `
<div
  className="legend-control card"
>
  <div
    className="card-header"
  >
    Marker Legend
  </div>
  <div
    className="card-body"
  >
    <div
      className="row"
    >
      <div
        className="col-2"
      >
        <img
          className=""
          height={25}
          src="/src/assets/images/pins/land-reg.png"
        />
      </div>
      <div
        className="label col"
      >
        Parcel
      </div>
    </div>
    <div
      className="row"
    >
      <div
        className="col-2"
      >
        <img
          className=""
          height={25}
          src="/src/assets/images/pins/building-reg.png"
        />
      </div>
      <div
        className="label col"
      >
        Building
      </div>
    </div>
    <div
      className="row"
    >
      <div
        className="col-2"
      >
        <img
          className=""
          height={25}
          src="/src/assets/images/pins/subdiv-reg.png"
        />
      </div>
      <div
        className="label col"
      >
        Proposed Subdivision
      </div>
    </div>
    <div
      className="row"
    >
      <div
        className="col-2"
      >
        <img
          className=""
          height={25}
          src="/src/assets/images/pins/marker-red.png"
        />
      </div>
      <div
        className="label col"
      >
        Enhanced Referral Process
      </div>
    </div>
    <div
      className="row"
    >
      <div
        className="col-2"
      >
        <img
          className=""
          height={25}
          src="/src/assets/images/pins/marker-purple.png"
        />
      </div>
      <div
        className="label col"
      >
        Surplus Properties List
      </div>
    </div>
  </div>
</div>
`;
