// Vitest Snapshot v1

exports[`Property List View Select > renders correctly 1`] = `null`;
