// Jest Snapshot v1, https://goo.gl/fbAQLP

exports[`Project list view tests Matches snapshot 1`] = `
"<div class=\\"ProjectListView container-fluid\\">
  <div class=\\"filter-container\\">
    <form novalidate=\\"\\" class=\\"\\">
      <div class=\\"search-bar form-row\\">
        <h3 class=\\"filterBarHeading\\"></h3>
        <div class=\\"bar-item col-2\\">
          <div class=\\"form-group\\"><select name=\\"statusId\\" id=\\"input-statusId\\" class=\\"form-select form-control\\">
              <option value=\\"\\">Select a project status</option>
            </select></div>
        </div>
        <div class=\\"bar-item col-2\\">
          <div class=\\"form-group\\">
            <div class=\\"rbt\\" style=\\"outline: none; position: relative;\\" tabindex=\\"-1\\">
              <div style=\\"display: flex; flex: 1; height: 100%; position: relative;\\"><input autocomplete=\\"off\\" placeholder=\\"Enter an Agency\\" type=\\"text\\" name=\\"agencies\\" id=\\"agencies-field\\" aria-autocomplete=\\"both\\" aria-expanded=\\"false\\" aria-haspopup=\\"listbox\\" role=\\"combobox\\" class=\\"rbt-input-main form-control rbt-input map-filter-typeahead\\" value=\\"\\"><input aria-hidden=\\"true\\" class=\\"rbt-input-hint\\" readonly=\\"\\" style=\\"background-color: transparent; border-color: transparent; box-shadow: none; color: rgba(0, 0, 0, 0.35); left: 0px; pointer-events: none; position: absolute; top: 0px; width: 100%;\\" tabindex=\\"-1\\" value=\\"\\"></div>
            </div>
          </div>
        </div>
        <div class=\\"bar-item col-2\\">
          <div class=\\"form-group\\"><input name=\\"name\\" placeholder=\\"Search by project name or number\\" id=\\"input-name\\" class=\\"form-control\\" value=\\"\\"></div>
        </div>
        <div class=\\"bar-item flex-grow-0 col\\"><button type=\\"submit\\" class=\\"Button Button--icon-only bg-warning btn btn-primary\\">
            <div class=\\"Button__icon\\"><svg stroke=\\"currentColor\\" fill=\\"currentColor\\" stroke-width=\\"0\\" viewBox=\\"0 0 512 512\\" size=\\"20\\" height=\\"20\\" width=\\"20\\" xmlns=\\"http://www.w3.org/2000/svg\\">
                <path d=\\"M505 442.7L405.3 343c-4.5-4.5-10.6-7-17-7H372c27.6-35.3 44-79.7 44-128C416 93.1 322.9 0 208 0S0 93.1 0 208s93.1 208 208 208c48.3 0 92.7-16.4 128-44v16.3c0 6.4 2.5 12.5 7 17l99.7 99.7c9.4 9.4 24.6 9.4 33.9 0l28.3-28.3c9.4-9.4 9.4-24.6.1-34zM208 336c-70.7 0-128-57.2-128-128 0-70.7 57.2-128 128-128 70.7 0 128 57.2 128 128 0 70.7-57.2 128-128 128z\\"></path>
              </svg></div>
          </button></div>
        <div class=\\"bar-item flex-grow-0 col\\"><button type=\\"reset\\" class=\\"Button Button--icon-only btn btn-secondary\\">
            <div class=\\"Button__icon\\"><svg stroke=\\"currentColor\\" fill=\\"currentColor\\" stroke-width=\\"0\\" viewBox=\\"0 0 512 512\\" size=\\"20\\" height=\\"20\\" width=\\"20\\" xmlns=\\"http://www.w3.org/2000/svg\\">
                <path d=\\"M212.333 224.333H12c-6.627 0-12-5.373-12-12V12C0 5.373 5.373 0 12 0h48c6.627 0 12 5.373 12 12v78.112C117.773 39.279 184.26 7.47 258.175 8.007c136.906.994 246.448 111.623 246.157 248.532C504.041 393.258 393.12 504 256.333 504c-64.089 0-122.496-24.313-166.51-64.215-5.099-4.622-5.334-12.554-.467-17.42l33.967-33.967c4.474-4.474 11.662-4.717 16.401-.525C170.76 415.336 211.58 432 256.333 432c97.268 0 176-78.716 176-176 0-97.267-78.716-176-176-176-58.496 0-110.28 28.476-142.274 72.333h98.274c6.627 0 12 5.373 12 12v48c0 6.627-5.373 12-12 12z\\"></path>
              </svg></div>
          </button></div>
      </div>
    </form>
  </div>
  <div class=\\"ScrollContainer\\">
    <div class=\\"TableToolbar container-fluid\\">
      <h3 class=\\"mr-4\\">My Agency's Projects</h3>
    </div>
    <div role=\\"table\\" class=\\"table\\">
      <div class=\\"thead thead-light\\">
        <div role=\\"row\\" style=\\"display: flex; flex: 1 0 auto; min-width: 875px;\\" class=\\"tr\\">
          <div class=\\"th expander svg-btn\\"><svg stroke=\\"currentColor\\" fill=\\"currentColor\\" stroke-width=\\"0\\" viewBox=\\"0 0 576 512\\" color=\\"black\\" size=\\"20\\" style=\\"color: black;\\" height=\\"20\\" width=\\"20\\" xmlns=\\"http://www.w3.org/2000/svg\\">
              <path d=\\"M572.694 292.093L500.27 416.248A63.997 63.997 0 0 1 444.989 448H45.025c-18.523 0-30.064-20.093-20.731-36.093l72.424-124.155A64 64 0 0 1 152 256h399.964c18.523 0 30.064 20.093 20.73 36.093zM152 224h328v-48c0-26.51-21.49-48-48-48H272l-64-64H48C21.49 64 0 85.49 0 112v278.046l69.077-118.418C86.214 242.25 117.989 224 152 224z\\"></path>
            </svg></div>
          <div colspan=\\"1\\" role=\\"columnheader\\" style=\\"box-sizing: border-box; flex: 65 0 auto; min-width: 65px; width: 3.5%; justify-content: flex-start; text-align: left; align-items: center; display: flex;\\" width=\\"3.5%\\" class=\\"th\\">Project No.</div>
          <div colspan=\\"1\\" role=\\"columnheader\\" style=\\"box-sizing: border-box; flex: 200 0 auto; min-width: 200px; width: 7%; justify-content: flex-start; text-align: left; align-items: center; display: flex;\\" width=\\"7%\\" class=\\"th\\">Name</div>
          <div colspan=\\"1\\" role=\\"columnheader\\" style=\\"box-sizing: border-box; flex: 50 0 auto; min-width: 50px; width: 7%; justify-content: flex-start; text-align: left; align-items: center; display: flex;\\" width=\\"7%\\" class=\\"th\\">Status</div>
          <div colspan=\\"1\\" role=\\"columnheader\\" style=\\"box-sizing: border-box; flex: 80 0 auto; min-width: 80px; width: 7%; justify-content: flex-start; text-align: left; align-items: center; display: flex;\\" width=\\"7%\\" class=\\"th\\">Agency</div>
          <div colspan=\\"1\\" role=\\"columnheader\\" style=\\"box-sizing: border-box; flex: 80 0 auto; min-width: 80px; width: 3.5%; justify-content: flex-start; text-align: left; align-items: center; display: flex;\\" width=\\"3.5%\\" class=\\"th\\">Zoning</div>
          <div colspan=\\"1\\" role=\\"columnheader\\" style=\\"box-sizing: border-box; flex: 80 0 auto; min-width: 80px; width: 3.5%; justify-content: flex-start; text-align: left; align-items: center; display: flex;\\" width=\\"3.5%\\" class=\\"th\\">Zoning Potential</div>
          <div colspan=\\"1\\" role=\\"columnheader\\" style=\\"box-sizing: border-box; flex: 80 0 auto; min-width: 80px; width: 3.5%; justify-content: flex-start; text-align: left; align-items: center; display: flex;\\" width=\\"3.5%\\" class=\\"th\\">Net Book</div>
          <div colspan=\\"1\\" role=\\"columnheader\\" style=\\"box-sizing: border-box; flex: 80 0 auto; min-width: 80px; width: 3.5%; justify-content: flex-start; text-align: left; align-items: center; display: flex;\\" width=\\"3.5%\\" class=\\"th\\">Market Value</div>
          <div colspan=\\"1\\" role=\\"columnheader\\" style=\\"box-sizing: border-box; flex: 80 0 auto; min-width: 80px; width: 7%; justify-content: flex-start; text-align: left; align-items: center; display: flex;\\" width=\\"7%\\" class=\\"th\\">Updated On</div>
          <div colspan=\\"1\\" role=\\"columnheader\\" style=\\"box-sizing: border-box; flex: 80 0 auto; min-width: 80px; width: 7%; justify-content: flex-start; text-align: left; align-items: center; display: flex;\\" width=\\"7%\\" class=\\"th\\">Updated By</div>
        </div>
      </div>
      <div class=\\"table-loading\\">
        <div class=\\"spinner-border\\"></div>
      </div>
    </div>
    <div class=\\"table-toolbar\\"></div>
  </div>
</div>"
`;
