// Jest Snapshot v1, https://goo.gl/fbAQLP

exports[`Testing FindMorePropertiesForm Snapshot Test 1`] = `
<div
  id="find-more-properties"
>
  <p>
    Search for properties within the Enhanced Referral Process (ERP) or Surplus Property List (SPL)
  </p>
  <p>
    <strong>
      Note: 
    </strong>
     The search results will
    <strong>
      Â only include properties in projects that have been identified as Tier 2, 3, or 4
    </strong>
    <br />
     in the disposal process. For properties included in Tier 1, please contact
    <em>
       Strategic Real Estate Services
    </em>
     at
    <br />
    <a
      href="mailto:RealPropertyDivision.Disposals@gov.bc.ca"
    >
      RealPropertyDivision.Disposals@gov.bc.ca
    </a>
  </p>
  <div
    className="form-section container"
  >
    <div
      className="form-row form-row-centred row"
    >
      <div
        className="col-md-auto"
      >
        <div
          className=""
        >
          <div
            className="check-field"
          >
            <label
              className="form-label"
              htmlFor="input-inEnhancedReferralProcess"
              style={
                Object {
                  "marginRight": "10px",
                }
              }
            >
              ERP Properties
            </label>
            <div
              className=""
            >
              <input
                checked={false}
                className="form-check-input"
                disabled={false}
                id="input-inEnhancedReferralProcess"
                name="inEnhancedReferralProcess"
                onChange={[Function]}
                type="checkbox"
                value="false"
              />
            </div>
          </div>
        </div>
      </div>
      <div
        className="col-md-auto"
      >
        <span
          className="vertical-line"
        />
      </div>
      <div
        className="col-md-auto"
      >
        <div
          className=""
        >
          <div
            className="check-field"
          >
            <label
              className="form-label"
              htmlFor="input-inSurplusPropertyProgram"
              style={
                Object {
                  "marginRight": "10px",
                }
              }
            >
              SPL Properties
            </label>
            <div
              className=""
            >
              <input
                checked={false}
                className="form-check-input"
                disabled={false}
                id="input-inSurplusPropertyProgram"
                name="inSurplusPropertyProgram"
                onChange={[Function]}
                type="checkbox"
                value="false"
              />
            </div>
          </div>
        </div>
      </div>
    </div>
  </div>
  <div
    className="form-section container"
  >
    <div
      className="row"
    >
      <h6>
        Search By
      </h6>
    </div>
    <div
      className="form-row row"
    >
      <div
        className="location-label-col col-md-auto"
      >
        <label
          className="form-label"
        >
          Location
        </label>
      </div>
      <div
        className="location-col col-md-auto"
      >
        <div
          className=""
        >
          <div
            onBlur={[Function]}
            onFocus={[Function]}
            onMouseOut={[Function]}
            onMouseOver={[Function]}
          >
            <div
              className="rbt"
              style={
                Object {
                  "outline": "none",
                  "position": "relative",
                }
              }
              tabIndex={-1}
            >
              <div
                style={
                  Object {
                    "display": "flex",
                    "flex": 1,
                    "height": "100%",
                    "position": "relative",
                  }
                }
              >
                <input
                  aria-autocomplete="both"
                  aria-expanded={false}
                  aria-haspopup="listbox"
                  autoComplete="off"
                  className="rbt-input-main form-control rbt-input"
                  id="administrativeArea-field"
                  name="administrativeArea"
                  onBlur={[Function]}
                  onChange={[Function]}
                  onClick={[Function]}
                  onFocus={[Function]}
                  onKeyDown={[Function]}
                  placeholder="Enter a location"
                  role="combobox"
                  style={
                    Object {
                      "width": "100%",
                    }
                  }
                  type="text"
                  value=""
                />
                <input
                  aria-hidden={true}
                  className="rbt-input-hint"
                  readOnly={true}
                  style={
                    Object {
                      "backgroundColor": "transparent",
                      "borderColor": "transparent",
                      "boxShadow": "none",
                      "color": "rgba(0, 0, 0, 0.54)",
                      "left": 0,
                      "pointerEvents": "none",
                      "position": "absolute",
                      "top": 0,
                      "width": "100%",
                    }
                  }
                  tabIndex={-1}
                  value=""
                />
              </div>
            </div>
          </div>
        </div>
      </div>
      <div
        className="col-md-auto"
      >
        <span
          className="vertical-line"
        />
      </div>
      <div
        className="col-md-auto"
      >
        <div
          className="input-flex"
          id="input-projectNumber"
        >
          <label
            className="form-label"
          >
            Project Number
          </label>
          <div
            onBlur={[Function]}
            onFocus={[Function]}
            onMouseOut={[Function]}
            onMouseOver={[Function]}
          >
            <input
              className="project-number-input form-control"
              name="projectNumber"
              onBlur={[Function]}
              placeholder="SPP #"
              value={0}
            />
          </div>
        </div>
      </div>
    </div>
  </div>
  <div
    className="form-section container"
  >
    <div
      className="row"
    >
      <h6>
        Land Search Criteria
      </h6>
    </div>
    <div
      className="form-row row"
    >
      <div
        className="lot-size-col col-md-auto"
      >
        <div
          className="input-flex"
          id="input-minLotSize"
        >
          <label
            className="form-label"
          >
            Lot Size
          </label>
          <div
            onBlur={[Function]}
            onFocus={[Function]}
            onMouseOut={[Function]}
            onMouseOver={[Function]}
          >
            <input
              className="number-input form-control"
              name="minLotSize"
              onBlur={[Function]}
              placeholder="min"
              value={0}
            />
          </div>
        </div>
      </div>
      <div
        className="no-padding col-md-auto"
      >
        <span>
          -
        </span>
      </div>
      <div
        className="lot-size-max-col col-md-auto"
      >
        <div
          className="input-flex"
          id="input-maxLotSize"
        >
          <div
            onBlur={[Function]}
            onFocus={[Function]}
            onMouseOut={[Function]}
            onMouseOver={[Function]}
          >
            <input
              className="number-input form-control"
              name="maxLotSize"
              onBlur={[Function]}
              placeholder="max"
              value={0}
            />
          </div>
        </div>
      </div>
      <div
        className="col-md-auto"
      >
        <span
          className="vertical-line"
        />
      </div>
      <div
        className="col-md-auto"
      >
        <div
          className=""
        >
          <div
            className="check-field"
          >
            <label
              className="form-label"
              htmlFor="input-bareLandOnly"
              style={
                Object {
                  "marginRight": "10px",
                }
              }
            >
              Land Only
            </label>
            <div
              className=""
            >
              <input
                checked={false}
                className="form-check-input"
                disabled={false}
                id="input-bareLandOnly"
                name="bareLandOnly"
                onChange={[Function]}
                type="checkbox"
                value="false"
              />
            </div>
          </div>
        </div>
      </div>
    </div>
  </div>
  <div
    className="form-section container"
  >
    <div
      className="row"
    >
      <h6>
        Building Search Criteria
      </h6>
    </div>
    <div
      className="form-row row"
    >
      <div
        className="col-md-auto"
      >
        <div
          className="select-row row"
          controlid="input-predominateUseId"
        >
          <div
            className="col-md-auto"
          >
            <label
              className="form-label"
            >
              Predominate Use
            </label>
          </div>
          <div
            className="select-column col-md-auto"
          >
            <select
              className="building-select form-select form-control"
              name="predominateUseId"
              onBlur={[Function]}
              onChange={[Function]}
              value={0}
            >
              <option
                value=""
              >
                Any
              </option>
            </select>
          </div>
        </div>
      </div>
      <div
        className="col-md-auto"
      >
        <span
          className="vertical-line"
        />
      </div>
      <div
        className="col-md-auto"
      >
        <div
          className="input-flex"
          id="input-rentableArea"
        >
          <label
            className="form-label"
          >
            Net Usable Area
          </label>
          <div
            onBlur={[Function]}
            onFocus={[Function]}
            onMouseOut={[Function]}
            onMouseOver={[Function]}
          >
            <input
              className="number-input form-control"
              name="rentableArea"
              onBlur={[Function]}
              value={0}
            />
          </div>
        </div>
      </div>
    </div>
  </div>
  <div
    className="row"
  >
    <div
      className="col-12"
    >
      <button
        className="Button search-button btn btn-primary"
        disabled={false}
        onClick={[Function]}
        type="button"
      >
        <div
          className="Button__value"
        >
          Search
        </div>
      </button>
    </div>
  </div>
</div>
`;
