// Jest Snapshot v1, https://goo.gl/fbAQLP

exports[`Approval Confirmation Matches Snapshot 1`] = `
<form
  className=""
>
  <div
    className="approvalGroup form-group"
  >
    <div
      className="form-row"
    >
      <input
        className="col-md-1"
        name="confirmation"
        onBlur={[Function]}
        onChange={[Function]}
        type="checkbox"
        value={false}
      />
      <label
        className="col-md-10 form-label col-form-label col"
        htmlFor="approval-confirmation"
      >
        I, PIMS User, confirm by checking this box that I have received the approval 
    to request the property be submitted to the Enhanced Referral Program and marketed internally to other Ministry 
    and Broader Public Sector Agencies for 90 days before listing the property to be sold on the public commercial real estate market
      </label>
    </div>
  </div>
</form>
`;
