// Jest Snapshot v1, https://goo.gl/fbAQLP

exports[`Approval Confirmation Matches Snapshot 1`] = `
<div
  className="sc-AxjAm jGlSVf"
>
  <button
    className="btn btn-primary"
    disabled={false}
    onClick={[Function]}
    style={
      Object {
        "marginLeft": 10,
      }
    }
    type="button"
  >
    Submit
  </button>
  <button
    className="btn btn-primary"
    disabled={false}
    onClick={[Function]}
    type="button"
  >
    Save
  </button>
</div>
`;
