// Vitest Snapshot v1

exports[`limited fast select renders correctly 1`] = `
<div
  className=""
>
  <div
    onBlur={[Function]}
    onFocus={[Function]}
    onMouseOut={[Function]}
    onMouseOver={[Function]}
  >
    <select
      className="form-control"
      id="input-TestField-fast"
      name="TestField"
      onChange={[Function]}
      type="number"
      value={0}
    >
      <option
        hidden={true}
        value={0}
      >
        zero
      </option>
      <option
        value="1"
      >
        one
      </option>
    </select>
  </div>
</div>
`;
