// Jest Snapshot v1, https://goo.gl/fbAQLP

exports[`SPP Button renders correctly 1`] = `
<div>
  <div
    className="sppButton"
  >
    <button
      className="close btn btn-primary"
      disabled={false}
      onBlur={[Function]}
      onClick={[Function]}
      onFocus={[Function]}
      onMouseOut={[Function]}
      onMouseOver={[Function]}
      style={
        Object {
          "backgroundColor": "#3b99fc",
        }
      }
      type="button"
    >
      <svg
        title="spp"
      >
        SPP.svg
      </svg>
    </button>
  </div>
</div>
`;
