// Jest Snapshot v1, https://goo.gl/fbAQLP

exports[`header renders correctly 1`] = `
<nav
  className="App-header navbar navbar-expand-xl navbar-light fixed-top"
>
  <div
    className="bar container-fluid"
  >
    <div
      className="row"
    >
      <div
        className="col"
      >
        <div
          className="brand-box row"
        >
          <div
            className="col-lg-2 col-md-2"
          />
          <div
            className="brand col-lg-1 col-md-4 col-sm-6 col-8"
          >
            <span
              className="navbar-brand"
              onClick={[Function]}
            >
              <img
                alt="Go to the Government of British Columbia website"
                className="bc-gov-icon"
                height="43"
                src="logo-banner.svg"
                width="156"
              />
            </span>
          </div>
          <div
            className="title col-lg-7 col-md-2 col-sm-4 col-3"
          >
            <h1
              className="longAppName"
            >
              Property Inventory Management System
            </h1>
            <h1
              className="shortAppName"
            >
              PIMS
            </h1>
          </div>
        </div>
      </div>
      <div
        className="other col-lg-1 col-md-3 col-sm-3 col-3"
      />
    </div>
  </div>
</nav>
`;
