// Jest Snapshot v1, https://goo.gl/fbAQLP

exports[`renders correctly - defaults on street layer 1`] = `
<div
  className="basemap-container"
>
  <button
    className="basemap-item current"
  />
  <label
    className="caption"
  >
    Satellite
  </label>
  <div
    className="basemap-item basemap-item-button secondary"
    onClick={[Function]}
  >
    <img
      alt="Map Thumbnail"
      role="presentation"
      src="satellite.jpg"
    />
  </div>
</div>
`;
