// Jest Snapshot v1, https://goo.gl/fbAQLP

exports[`building popup view renders correctly 1`] = `
<div
  className="buildingPopup container-fluid"
>
  <div
    className="row"
  >
    <div
      className="col"
    >
      <div
        className="list-group"
        onKeyDown={[Function]}
      >
        <div
          className="name list-group-item"
          data-rb-event-key={null}
          disabled={false}
          onClick={[Function]}
        >
          test name
        </div>
        <div
          className="list-group-item"
          data-rb-event-key={null}
          disabled={false}
          onClick={[Function]}
        >
          Test description
        </div>
      </div>
      <div
        className="list-group"
        onKeyDown={[Function]}
      >
        <div
          className="list-group-item"
          data-rb-event-key={null}
          disabled={false}
          onClick={[Function]}
        >
          <p
            className="label undefined"
          >
            Assessed Value:
          </p>
          $
        </div>
      </div>
      <div
        className="list-group"
        onKeyDown={[Function]}
      >
        <div
          className="list-group-item"
          data-rb-event-key={null}
          disabled={false}
          onClick={[Function]}
        >
          <div />
          <div>
            ,
             
             
          </div>
        </div>
      </div>
      <div
        className="list-group"
        onKeyDown={[Function]}
      >
        <div
          className="list-group-item"
          data-rb-event-key={null}
          disabled={false}
          onClick={[Function]}
        >
          <p
            className="label undefined"
          >
            Agency:
          </p>
          agency
        </div>
        <div
          className="list-group-item"
          data-rb-event-key={null}
          disabled={false}
          onClick={[Function]}
        >
          <p
            className="label undefined"
          >
            Floor Count:
          </p>
          3
        </div>
        <div
          className="list-group-item"
          data-rb-event-key={null}
          disabled={false}
          onClick={[Function]}
        >
          <p
            className="label undefined"
          >
            Predominate Use:
          </p>
        </div>
      </div>
    </div>
  </div>
  <div
    className="menu row"
  >
    <div
      className="col"
    >
      <a
        href="/mapview/1?disabled=true&loadDraft=false&sidebar=true"
        onClick={[Function]}
      >
        View
      </a>
      <a
        href="/mapview/1?disabled=false&loadDraft=false&sidebar=true"
        onClick={[Function]}
      >
        Update
      </a>
    </div>
  </div>
</div>
`;
